// Jest Snapshot v1, https://goo.gl/fbAQLP

exports[`petstore 1`] = `
"// This file is generated by [oats][0] and should not be edited by hand.
//
// [0]: https://github.com/influxdata/oats

export type Pets = Pet[];

export type Pet = Dog | Cat;

export type Dog = BasePet & {
  weight: number;
};

export interface BasePet {
  id: number;
  name: string;
  category?: number;
  tag?: string;
  sex?: \\"male\\" | \\"female\\";
}

export type Cat = BasePet & {
  fluffy: boolean;
};

export interface Error {
  code: number;
  message: string;
}

interface RequestOptions {
  signal?: AbortSignal;
}

export type RequestHandler = (
  url: string,
  query: string,
  init: RequestInit
) => { url: string; query: string; init: RequestInit };
export type ResponseHandler = (
  status: number,
  headers: Headers,
  data: any
) => { status: number; headers: Headers; data: any };

const RequestContext = function(
  requestHandler: RequestHandler,
  responseHandler: ResponseHandler
) {
  this.requestHandler = requestHandler;
  this.responseHandler = responseHandler;
};

RequestContext.prototype.request = async function(
  method: string,
  url: string,
  params: any = {},
  options: RequestOptions = {}
): Promise<any> {
  const requestHeaders = new Headers(params.headers);
  const contentType = requestHeaders.get(\\"Content-Type\\") || \\"\\";

  if (params.auth) {
    const credentials = btoa(\`\${params.auth.username}:\${params.auth.password}\`);

    requestHeaders.append(\\"Authorization\\", \`Basic \${credentials}\`);
  }

  const body =
    params.data && contentType.includes(\\"json\\")
      ? JSON.stringify(params.data)
      : params.data;

  const query = params.query ? \`?\${new URLSearchParams(params.query)}\` : \\"\\";

  const {
    url: middlewareUrl,
    query: middlewareQuery,
    init
  } = this.requestHandler(url, query, {
    method,
    body,
    credentials: \\"same-origin\\",
    signal: options.signal,
    headers: requestHeaders
  });

  const response = await fetch(\`\${middlewareUrl}\${middlewareQuery}\`, init);

  const { status, headers } = response;
  const responseContentType = headers.get(\\"Content-Type\\") || \\"\\";

  let data;

  if (responseContentType.includes(\\"json\\")) {
    data = await response.json();
  } else if (responseContentType.includes(\\"octet-stream\\")) {
    data = await response.blob();
  } else if (responseContentType.includes(\\"text\\")) {
    data = await response.text();
  }

  return this.responseHandler(status, headers, data);
};

RequestContext.prototype.setRequestHandler = function(
  requestHandler: RequestHandler
) {
  this.requestHandler = requestHandler;
};

RequestContext.prototype.setResponseHandler = function(
  responseHandler: ResponseHandler
) {
  this.responseHandler = responseHandler;
};

const rc = new RequestContext(
  (url, query, init) => {
    return { url, query, init };
  },
  (status, headers, data) => {
    return { status, headers, data };
  }
);
const request = rc.request.bind(rc);
const setRequestHandler = rc.setRequestHandler.bind(rc);
const setResponseHandler = rc.setResponseHandler.bind(rc);

export { request, setRequestHandler, setResponseHandler };

export interface GetPetsParams {
  query?: {
    limit?: number;
  };
}

type GetPetsResult = GetPetsOKResult | GetPetsDefaultResult;

interface GetPetsOKResult {
  status: 200;
  headers: Headers;
  data: Pets;
}

interface GetPetsDefaultResult {
  status: 500;
  headers: Headers;
  data: Error;
}

export const getPets = (
  params: GetPetsParams,
  options: RequestOptions = {}
): Promise<GetPetsResult> =>
  request(
    \\"GET\\",
    \\"http://petstore.swagger.io/v1/pets\\",
    params,
    options
  ) as Promise<GetPetsResult>;

export interface PostPetParams {
  data: Pet;
}

type PostPetResult = PostPetOKResult | PostPetDefaultResult;

interface PostPetOKResult {
  status: 200;
  headers: Headers;
  data: {
    pet: Pet;
  };
}

interface PostPetDefaultResult {
  status: 500;
  headers: Headers;
  data: Error;
}

export const postPet = (
  params: PostPetParams,
  options: RequestOptions = {}
): Promise<PostPetResult> =>
  request(
    \\"POST\\",
    \\"http://petstore.swagger.io/v1/pets\\",
    { ...params, headers: { \\"Content-Type\\": \\"application/json\\" } },
    options
  ) as Promise<PostPetResult>;

export interface GetPetParams {
  petID: string;
}

type GetPetResult = GetPetOKResult | GetPetDefaultResult;

interface GetPetOKResult {
  status: 200;
  headers: Headers;
  data: Pets;
}

interface GetPetDefaultResult {
  status: 500;
  headers: Headers;
  data: Error;
}

export const getPet = (
  params: GetPetParams,
  options: RequestOptions = {}
): Promise<GetPetResult> =>
  request(
    \\"GET\\",
    \`http://petstore.swagger.io/v1/pets/\${params.petID}\`,
    params,
    options
  ) as Promise<GetPetResult>;
"
`;
